
Optional file libmchp_peripheral.a not found

Optional file libmchp_peripheral_32MX270F256B.a not found
Archive member included because of file (symbol)

/Applications/microchip/xc32/v1.40/bin/bin/../../lib/gcc/pic32mx/4.8.3/../../../../pic32mx/lib/libpic32.a(memset.o)
                              build/default/production/_ext/8672134/tasks.o (memset)
/Applications/microchip/xc32/v1.40/bin/bin/../../lib/gcc/pic32mx/4.8.3/../../../../pic32mx/lib/libpic32.a(default-bootstrap-exception-handler.o)
                              /Applications/microchip/xc32/v1.40/bin/bin/../../lib/gcc/pic32mx/4.8.3/../../../../pic32mx/lib/./proc/32MX270F256B/crt0_mips32r2.o (_bootstrap_exception_handler)
/Applications/microchip/xc32/v1.40/bin/bin/../../lib/gcc/pic32mx/4.8.3/../../../../pic32mx/lib/libpic32.a(default-on-reset.o)
                              /Applications/microchip/xc32/v1.40/bin/bin/../../lib/gcc/pic32mx/4.8.3/../../../../pic32mx/lib/./proc/32MX270F256B/crt0_mips32r2.o (_on_reset)
/Applications/microchip/xc32/v1.40/bin/bin/../../lib/gcc/pic32mx/4.8.3/../../../../pic32mx/lib/libpic32.a(default-on-bootstrap.o)
                              /Applications/microchip/xc32/v1.40/bin/bin/../../lib/gcc/pic32mx/4.8.3/../../../../pic32mx/lib/./proc/32MX270F256B/crt0_mips32r2.o (_on_bootstrap)
/Applications/microchip/xc32/v1.40/bin/bin/../../lib/gcc/pic32mx/4.8.3/../../../../pic32mx/lib/libpic32.a(default-nmi-handler.o)
                              /Applications/microchip/xc32/v1.40/bin/bin/../../lib/gcc/pic32mx/4.8.3/../../../../pic32mx/lib/./proc/32MX270F256B/crt0_mips32r2.o (_nmi_handler)
/Applications/microchip/xc32/v1.40/bin/bin/../../lib/gcc/pic32mx/4.8.3/../../../../pic32mx/lib/libpic32.a(general-exception.o)
                              /Applications/microchip/xc32/v1.40/bin/bin/../../lib/gcc/pic32mx/4.8.3/../../../../pic32mx/lib/./proc/32MX270F256B/crt0_mips32r2.o (_general_exception_context)
/Applications/microchip/xc32/v1.40/bin/bin/../../lib/gcc/pic32mx/4.8.3/../../../../pic32mx/lib/libpic32.a(vector0.o)
                              /Applications/microchip/xc32/v1.40/bin/bin/../../lib/gcc/pic32mx/4.8.3/../../../../pic32mx/lib/./proc/32MX270F256B/default_isr_vectors.o (__vector_dispatch_0)
/Applications/microchip/xc32/v1.40/bin/bin/../../lib/gcc/pic32mx/4.8.3/../../../../pic32mx/lib/libpic32.a(vector2.o)
                              /Applications/microchip/xc32/v1.40/bin/bin/../../lib/gcc/pic32mx/4.8.3/../../../../pic32mx/lib/./proc/32MX270F256B/default_isr_vectors.o (__vector_dispatch_2)
/Applications/microchip/xc32/v1.40/bin/bin/../../lib/gcc/pic32mx/4.8.3/../../../../pic32mx/lib/libpic32.a(vector3.o)
                              /Applications/microchip/xc32/v1.40/bin/bin/../../lib/gcc/pic32mx/4.8.3/../../../../pic32mx/lib/./proc/32MX270F256B/default_isr_vectors.o (__vector_dispatch_3)
/Applications/microchip/xc32/v1.40/bin/bin/../../lib/gcc/pic32mx/4.8.3/../../../../pic32mx/lib/libpic32.a(vector5.o)
                              /Applications/microchip/xc32/v1.40/bin/bin/../../lib/gcc/pic32mx/4.8.3/../../../../pic32mx/lib/./proc/32MX270F256B/default_isr_vectors.o (__vector_dispatch_5)
/Applications/microchip/xc32/v1.40/bin/bin/../../lib/gcc/pic32mx/4.8.3/../../../../pic32mx/lib/libpic32.a(vector6.o)
                              /Applications/microchip/xc32/v1.40/bin/bin/../../lib/gcc/pic32mx/4.8.3/../../../../pic32mx/lib/./proc/32MX270F256B/default_isr_vectors.o (__vector_dispatch_6)
/Applications/microchip/xc32/v1.40/bin/bin/../../lib/gcc/pic32mx/4.8.3/../../../../pic32mx/lib/libpic32.a(vector7.o)
                              /Applications/microchip/xc32/v1.40/bin/bin/../../lib/gcc/pic32mx/4.8.3/../../../../pic32mx/lib/./proc/32MX270F256B/default_isr_vectors.o (__vector_dispatch_7)
/Applications/microchip/xc32/v1.40/bin/bin/../../lib/gcc/pic32mx/4.8.3/../../../../pic32mx/lib/libpic32.a(vector8.o)
                              /Applications/microchip/xc32/v1.40/bin/bin/../../lib/gcc/pic32mx/4.8.3/../../../../pic32mx/lib/./proc/32MX270F256B/default_isr_vectors.o (__vector_dispatch_8)
/Applications/microchip/xc32/v1.40/bin/bin/../../lib/gcc/pic32mx/4.8.3/../../../../pic32mx/lib/libpic32.a(vector9.o)
                              /Applications/microchip/xc32/v1.40/bin/bin/../../lib/gcc/pic32mx/4.8.3/../../../../pic32mx/lib/./proc/32MX270F256B/default_isr_vectors.o (__vector_dispatch_9)
/Applications/microchip/xc32/v1.40/bin/bin/../../lib/gcc/pic32mx/4.8.3/../../../../pic32mx/lib/libpic32.a(vector10.o)
                              /Applications/microchip/xc32/v1.40/bin/bin/../../lib/gcc/pic32mx/4.8.3/../../../../pic32mx/lib/./proc/32MX270F256B/default_isr_vectors.o (__vector_dispatch_10)
/Applications/microchip/xc32/v1.40/bin/bin/../../lib/gcc/pic32mx/4.8.3/../../../../pic32mx/lib/libpic32.a(vector11.o)
                              /Applications/microchip/xc32/v1.40/bin/bin/../../lib/gcc/pic32mx/4.8.3/../../../../pic32mx/lib/./proc/32MX270F256B/default_isr_vectors.o (__vector_dispatch_11)
[...]
Memory Configuration

Name             Origin             Length             Attributes
kseg0_program_mem 0x9d000000         0x0003f000         xr
exception_mem    0x9d03f000         0x00001000
debug_exec_mem   0x9fc00490         0x00000760
kseg0_boot_mem   0x9fc00490         0x00000000
kseg1_boot_mem   0xbfc00000         0x00000490
config3          0xbfc00bf0         0x00000004
config2          0xbfc00bf4         0x00000004
config1          0xbfc00bf8         0x00000004
config0          0xbfc00bfc         0x00000004
kseg1_data_mem   0xa0000000         0x00010000         w !x
sfrs             0xbf800000         0x00100000
configsfrs       0xbfc00bf0         0x00000010
*default*        0x00000000         0xffffffff

Linker script and memory map

LOAD /Applications/microchip/xc32/v1.40/bin/bin/../../lib/gcc/pic32mx/4.8.3/../../../../pic32mx/lib/./proc/32MX270F256B/crt0_mips32r2.o
LOAD /Applications/microchip/xc32/v1.40/bin/bin/../../lib/gcc/pic32mx/4.8.3/../../../../pic32mx/lib/debug-exception-return.o
LOAD build/default/production/_ext/780285471/osal_freertos.o
LOAD build/default/production/_ext/1170711769/sys_devcon.o
LOAD build/default/production/_ext/1170711769/sys_devcon_pic32mx.o
LOAD build/default/production/_ext/350739233/sys_int_pic32.o
LOAD build/default/production/_ext/8672134/croutine.o
LOAD build/default/production/_ext/8672134/list.o
LOAD build/default/production/_ext/8672134/queue.o
LOAD build/default/production/_ext/8672134/tasks.o
LOAD build/default/production/_ext/8672134/timers.o
LOAD build/default/production/_ext/8672134/event_groups.o
LOAD build/default/production/_ext/2055919075/heap_1.o
LOAD build/default/production/_ext/1458948112/port.o
LOAD build/default/production/_ext/1458948112/port_asm.o
LOAD build/default/production/_ext/1360937237/app.o
LOAD build/default/production/_ext/639803181/sys_clk_static.o
LOAD build/default/production/_ext/822048611/sys_ports_static.o
LOAD build/default/production/_ext/1688732426/system_init.o
LOAD build/default/production/_ext/1688732426/system_interrupt.o
LOAD build/default/production/_ext/1688732426/system_exceptions.o
LOAD build/default/production/_ext/1360937237/main.o
LOAD build/default/production/_ext/1688732426/system_tasks.o
LOAD build/default/production/_ext/1688732426/system_interrupt_a.o
LOAD build/default/production/_ext/1688732426/rtos_hooks.o
LOAD ../../../../microchip/harmony/v1_09/bin/framework/peripheral/PIC32MX270F256B_peripherals.a
                0x00000001                __MPLAB_BUILD = 0x1
                0x00000000                _min_heap_size = 0x0
LOAD /Applications/microchip/xc32/v1.40/bin/bin/../../lib/gcc/pic32mx/4.8.3/../../../../pic32mx/lib/./proc/32MX270F256B/default_isr_vectors.o
LOAD /Applications/microchip/xc32/v1.40/bin/bin/../../lib/gcc/pic32mx/4.8.3/../../../../pic32mx/lib/pic32_software_reset.o
                0x00000400                PROVIDE (_min_stack_size, 0x400)
LOAD /Applications/microchip/xc32/v1.40/bin/bin/../../lib/gcc/pic32mx/4.8.3/../../../../pic32mx/lib/./proc/32MX270F256B/processor.o
START GROUP
LOAD libmchp_peripheral.a
END GROUP
START GROUP
LOAD libmchp_peripheral_32MX270F256B.a
END GROUP
                0x00000001                PROVIDE (_vector_spacing, 0x1)
                0x9d03f000                _ebase_address = 0x9d03f000
                0xbfc00000                _RESET_ADDR = 0xbfc00000
                0xbfc00380                _BEV_EXCPT_ADDR = 0xbfc00380
                0xbfc00480                _DBG_EXCPT_ADDR = 0xbfc00480
                0x9fc00490                _DBG_CODE_ADDR = 0x9fc00490
                0x00000760                _DBG_CODE_SIZE = 0x760
                0x9d03f180                _GEN_EXCPT_ADDR = (_ebase_address + 0x180)

.config_BFC00BF0
                0xbfc00bf0        0x4
 *(.config_BFC00BF0)
 .config_BFC00BF0
                0xbfc00bf0        0x4 build/default/production/_ext/1688732426/system_init.o

.config_BFC00BF4
                0xbfc00bf4        0x4
 *(.config_BFC00BF4)
 .config_BFC00BF4
                0xbfc00bf4        0x4 build/default/production/_ext/1688732426/system_init.o

.config_BFC00BF8
                0xbfc00bf8        0x4
 *(.config_BFC00BF8)
 .config_BFC00BF8
                0xbfc00bf8        0x4 build/default/production/_ext/1688732426/system_init.o

.config_BFC00BFC
                0xbfc00bfc        0x4
 *(.config_BFC00BFC)
 .config_BFC00BFC
                0xbfc00bfc        0x4 build/default/production/_ext/1688732426/system_init.o
                0xbfc02000                PROVIDE (_DBG_CODE_ADDR, 0xbfc02000)
                0x00000ff0                PROVIDE (_DBG_CODE_SIZE, 0xff0)

.reset          0xbfc00000      0x1d0
 *(.reset)
 .reset         0xbfc00000        0x8 /Applications/microchip/xc32/v1.40/bin/bin/../../lib/gcc/pic32mx/4.8.3/../../../../pic32mx/lib/./proc/32MX270F256B/crt0_mips32r2.o
                0xbfc00000                _reset
 *(.reset.startup)
 .reset.startup
                0xbfc00008      0x1c8 /Applications/microchip/xc32/v1.40/bin/bin/../../lib/gcc/pic32mx/4.8.3/../../../../pic32mx/lib/./proc/32MX270F256B/crt0_mips32r2.o

.bev_excpt      0xbfc00380       0x10
 *(.bev_handler)
 .bev_handler   0xbfc00380       0x10 /Applications/microchip/xc32/v1.40/bin/bin/../../lib/gcc/pic32mx/4.8.3/../../../../pic32mx/lib/./proc/32MX270F256B/crt0_mips32r2.o

.dbg_excpt      0xbfc00480        0x0
                0xbfc00480                . = (. + DEFINED (_DEBUGGER)?0x8:0x0)

.dbg_code       0x9fc00490        0x0
                0x9fc00490                . = (. + DEFINED (_DEBUGGER)?_DBG_CODE_SIZE:0x0)

.app_excpt      0x9d03f180       0x10
 *(.gen_handler)
 .gen_handler   0x9d03f180       0x10 /Applications/microchip/xc32/v1.40/bin/bin/../../lib/gcc/pic32mx/4.8.3/../../../../pic32mx/lib/./proc/32MX270F256B/crt0_mips32r2.o

.vector_0       0x9d03f200        0x8
 *(.vector_0)
 .vector_0      0x9d03f200        0x8 /Applications/microchip/xc32/v1.40/bin/bin/../../lib/gcc/pic32mx/4.8.3/../../../../pic32mx/lib/libpic32.a(vector0.o)
                0x9d03f200                __vector_dispatch_0
                0x00000001                ASSERT (((_vector_spacing == 0x0) || (SIZEOF (.vector_0) <= (_vector_spacing << 0x5))), function at exception vector 0 too large)

.vector_1       0x9d03f220        0x8
 *(.vector_1)
 .vector_1      0x9d03f220        0x8 build/default/production/_ext/1458948112/port.o
                0x9d03f220                __vector_dispatch_1
                0x00000001                ASSERT (((_vector_spacing == 0x0) || (SIZEOF (.vector_1) <= (_vector_spacing << 0x5))), function at exception vector 1 too large)

.vector_2       0x9d03f240        0x8
 *(.vector_2)
 .vector_2      0x9d03f240        0x8 /Applications/microchip/xc32/v1.40/bin/bin/../../lib/gcc/pic32mx/4.8.3/../../../../pic32mx/lib/libpic32.a(vector2.o)
                0x9d03f240                __vector_dispatch_2
                0x00000001                ASSERT (((_vector_spacing == 0x0) || (SIZEOF (.vector_2) <= (_vector_spacing << 0x5))), function at exception vector 2 too large)

.vector_3       0x9d03f260        0x8
 *(.vector_3)
 .vector_3      0x9d03f260        0x8 /Applications/microchip/xc32/v1.40/bin/bin/../../lib/gcc/pic32mx/4.8.3/../../../../pic32mx/lib/libpic32.a(vector3.o)
                0x9d03f260                __vector_dispatch_3
                0x00000001                ASSERT (((_vector_spacing == 0x0) || (SIZEOF (.vector_3) <= (_vector_spacing << 0x5))), function at exception vector 3 too large)

.vector_4       0x9d03f280        0x8
 *(.vector_4)
 .vector_4      0x9d03f280        0x8 build/default/production/_ext/1458948112/port.o
                0x9d03f280                __vector_dispatch_4
                0x00000001                ASSERT (((_vector_spacing == 0x0) || (SIZEOF (.vector_4) <= (_vector_spacing << 0x5))), function at exception vector 4 too large)

.vector_5       0x9d03f2a0        0x8
 *(.vector_5)
 .vector_5      0x9d03f2a0        0x8 /Applications/microchip/xc32/v1.40/bin/bin/../../lib/gcc/pic32mx/4.8.3/../../../../pic32mx/lib/libpic32.a(vector5.o)
                0x9d03f2a0                __vector_dispatch_5
                0x00000001                ASSERT (((_vector_spacing == 0x0) || (SIZEOF (.vector_5) <= (_vector_spacing << 0x5))), function at exception vector 5 too large)

.vector_6       0x9d03f2c0        0x8
 *(.vector_6)
 .vector_6      0x9d03f2c0        0x8 /Applications/microchip/xc32/v1.40/bin/bin/../../lib/gcc/pic32mx/4.8.3/../../../../pic32mx/lib/libpic32.a(vector6.o)
                0x9d03f2c0                __vector_dispatch_6
                0x00000001                ASSERT (((_vector_spacing == 0x0) || (SIZEOF (.vector_6) <= (_vector_spacing << 0x5))), function at exception vector 6 too large)

.vector_7       0x9d03f2e0        0x8
 *(.vector_7)
 .vector_7      0x9d03f2e0        0x8 /Applications/microchip/xc32/v1.40/bin/bin/../../lib/gcc/pic32mx/4.8.3/../../../../pic32mx/lib/libpic32.a(vector7.o)
                0x9d03f2e0                __vector_dispatch_7
                0x00000001                ASSERT (((_vector_spacing == 0x0) || (SIZEOF (.vector_7) <= (_vector_spacing << 0x5))), function at exception vector 7 too large)

.vector_8       0x9d03f300        0x8
 *(.vector_8)
 .vector_8      0x9d03f300        0x8 /Applications/microchip/xc32/v1.40/bin/bin/../../lib/gcc/pic32mx/4.8.3/../../../../pic32mx/lib/libpic32.a(vector8.o)
                0x9d03f300                __vector_dispatch_8
                0x00000001                ASSERT (((_vector_spacing == 0x0) || (SIZEOF (.vector_8) <= (_vector_spacing << 0x5))), function at exception vector 8 too large)

.vector_9       0x9d03f320        0x8
 *(.vector_9)
 .vector_9      0x9d03f320        0x8 /Applications/microchip/xc32/v1.40/bin/bin/../../lib/gcc/pic32mx/4.8.3/../../../../pic32mx/lib/libpic32.a(vector9.o)
                0x9d03f320                __vector_dispatch_9
                0x00000001                ASSERT (((_vector_spacing == 0x0) || (SIZEOF (.vector_9) <= (_vector_spacing << 0x5))), function at exception vector 9 too large)

.vector_10      0x9d03f340        0x8
 *(.vector_10)
 .vector_10     0x9d03f340        0x8 /Applications/microchip/xc32/v1.40/bin/bin/../../lib/gcc/pic32mx/4.8.3/../../../../pic32mx/lib/libpic32.a(vector10.o)
                0x9d03f340                __vector_dispatch_10
                0x00000001                ASSERT (((_vector_spacing == 0x0) || (SIZEOF (.vector_10) <= (_vector_spacing << 0x5))), function at exception vector 10 too large)

.vector_11      0x9d03f360        0x8
 *(.vector_11)
 .vector_11     0x9d03f360        0x8 /Applications/microchip/xc32/v1.40/bin/bin/../../lib/gcc/pic32mx/4.8.3/../../../../pic32mx/lib/libpic32.a(vector11.o)
                0x9d03f360                __vector_dispatch_11
                0x00000001                ASSERT (((_vector_spacing == 0x0) || (SIZEOF (.vector_11) <= (_vector_spacing << 0x5))), function at exception vector 11 too large)

.vector_12      0x9d03f380        0x8
 *(.vector_12)
 .vector_12     0x9d03f380        0x8 /Applications/microchip/xc32/v1.40/bin/bin/../../lib/gcc/pic32mx/4.8.3/../../../../pic32mx/lib/libpic32.a(vector12.o)
                0x9d03f380                __vector_dispatch_12
                0x00000001                ASSERT (((_vector_spacing == 0x0) || (SIZEOF (.vector_12) <= (_vector_spacing << 0x5))), function at exception vector 12 too large)

.vector_13      0x9d03f3a0        0x8
 *(.vector_13)
 .vector_13     0x9d03f3a0        0x8 /Applications/microchip/xc32/v1.40/bin/bin/../../lib/gcc/pic32mx/4.8.3/../../../../pic32mx/lib/libpic32.a(vector13.o)
                0x9d03f3a0                __vector_dispatch_13
                0x00000001                ASSERT (((_vector_spacing == 0x0) || (SIZEOF (.vector_13) <= (_vector_spacing << 0x5))), function at exception vector 13 too large)

.vector_14      0x9d03f3c0        0x8
 *(.vector_14)
 .vector_14     0x9d03f3c0        0x8 /Applications/microchip/xc32/v1.40/bin/bin/../../lib/gcc/pic32mx/4.8.3/../../../../pic32mx/lib/libpic32.a(vector14.o)
                0x9d03f3c0                __vector_dispatch_14
                0x00000001                ASSERT (((_vector_spacing == 0x0) || (SIZEOF (.vector_14) <= (_vector_spacing << 0x5))), function at exception vector 14 too large)

.vector_15      0x9d03f3e0        0x8
 *(.vector_15)
 .vector_15     0x9d03f3e0        0x8 /Applications/microchip/xc32/v1.40/bin/bin/../../lib/gcc/pic32mx/4.8.3/../../../../pic32mx/lib/libpic32.a(vector15.o)
                0x9d03f3e0                __vector_dispatch_15
                0x00000001                ASSERT (((_vector_spacing == 0x0) || (SIZEOF (.vector_15) <= (_vector_spacing << 0x5))), function at exception vector 15 too large)

.vector_16      0x9d03f400        0x8
 *(.vector_16)
 .vector_16     0x9d03f400        0x8 /Applications/microchip/xc32/v1.40/bin/bin/../../lib/gcc/pic32mx/4.8.3/../../../../pic32mx/lib/libpic32.a(vector16.o)
                0x9d03f400                __vector_dispatch_16
                0x00000001                ASSERT (((_vector_spacing == 0x0) || (SIZEOF (.vector_16) <= (_vector_spacing << 0x5))), function at exception vector 16 too large)

.vector_17      0x9d03f420        0x8
 *(.vector_17)
 .vector_17     0x9d03f420        0x8 /Applications/microchip/xc32/v1.40/bin/bin/../../lib/gcc/pic32mx/4.8.3/../../../../pic32mx/lib/libpic32.a(vector17.o)
                0x9d03f420                __vector_dispatch_17
                0x00000001                ASSERT (((_vector_spacing == 0x0) || (SIZEOF (.vector_17) <= (_vector_spacing << 0x5))), function at exception vector 17 too large)

.vector_18      0x9d03f440        0x8
 *(.vector_18)
 .vector_18     0x9d03f440        0x8 /Applications/microchip/xc32/v1.40/bin/bin/../../lib/gcc/pic32mx/4.8.3/../../../../pic32mx/lib/libpic32.a(vector18.o)
                0x9d03f440                __vector_dispatch_18
                0x00000001                ASSERT (((_vector_spacing == 0x0) || (SIZEOF (.vector_18) <= (_vector_spacing << 0x5))), function at exception vector 18 too large)

.vector_19      0x9d03f460        0x8
 *(.vector_19)
 .vector_19     0x9d03f460        0x8 /Applications/microchip/xc32/v1.40/bin/bin/../../lib/gcc/pic32mx/4.8.3/../../../../pic32mx/lib/libpic32.a(vector19.o)
                0x9d03f460                __vector_dispatch_19
                0x00000001                ASSERT (((_vector_spacing == 0x0) || (SIZEOF (.vector_19) <= (_vector_spacing << 0x5))), function at exception vector 19 too large)

.vector_20      0x9d03f480        0x8
 *(.vector_20)
 .vector_20     0x9d03f480        0x8 /Applications/microchip/xc32/v1.40/bin/bin/../../lib/gcc/pic32mx/4.8.3/../../../../pic32mx/lib/libpic32.a(vector20.o)
                0x9d03f480                __vector_dispatch_20
                0x00000001                ASSERT (((_vector_spacing == 0x0) || (SIZEOF (.vector_20) <= (_vector_spacing << 0x5))), function at exception vector 20 too large)

.vector_21      0x9d03f4a0        0x8
 *(.vector_21)
 .vector_21     0x9d03f4a0        0x8 /Applications/microchip/xc32/v1.40/bin/bin/../../lib/gcc/pic32mx/4.8.3/../../../../pic32mx/lib/libpic32.a(vector21.o)
                0x9d03f4a0                __vector_dispatch_21
                0x00000001                ASSERT (((_vector_spacing == 0x0) || (SIZEOF (.vector_21) <= (_vector_spacing << 0x5))), function at exception vector 21 too large)

.vector_22      0x9d03f4c0        0x8
 *(.vector_22)
 .vector_22     0x9d03f4c0        0x8 /Applications/microchip/xc32/v1.40/bin/bin/../../lib/gcc/pic32mx/4.8.3/../../../../pic32mx/lib/libpic32.a(vector22.o)
                0x9d03f4c0                __vector_dispatch_22
                0x00000001                ASSERT (((_vector_spacing == 0x0) || (SIZEOF (.vector_22) <= (_vector_spacing << 0x5))), function at exception vector 22 too large)

.vector_23      0x9d03f4e0        0x8
 *(.vector_23)
 .vector_23     0x9d03f4e0        0x8 /Applications/microchip/xc32/v1.40/bin/bin/../../lib/gcc/pic32mx/4.8.3/../../../../pic32mx/lib/libpic32.a(vector23.o)
                0x9d03f4e0                __vector_dispatch_23
                0x00000001                ASSERT (((_vector_spacing == 0x0) || (SIZEOF (.vector_23) <= (_vector_spacing << 0x5))), function at exception vector 23 too large)

.vector_24      0x9d03f500        0x8
 *(.vector_24)
 .vector_24     0x9d03f500        0x8 /Applications/microchip/xc32/v1.40/bin/bin/../../lib/gcc/pic32mx/4.8.3/../../../../pic32mx/lib/libpic32.a(vector24.o)
                0x9d03f500                __vector_dispatch_24
                0x00000001                ASSERT (((_vector_spacing == 0x0) || (SIZEOF (.vector_24) <= (_vector_spacing << 0x5))), function at exception vector 24 too large)

.vector_25      0x9d03f520        0x8
 *(.vector_25)
 .vector_25     0x9d03f520        0x8 /Applications/microchip/xc32/v1.40/bin/bin/../../lib/gcc/pic32mx/4.8.3/../../../../pic32mx/lib/libpic32.a(vector25.o)
                0x9d03f520                __vector_dispatch_25
                0x00000001                ASSERT (((_vector_spacing == 0x0) || (SIZEOF (.vector_25) <= (_vector_spacing << 0x5))), function at exception vector 25 too large)

.vector_26      0x9d03f540        0x8
 *(.vector_26)
 .vector_26     0x9d03f540        0x8 /Applications/microchip/xc32/v1.40/bin/bin/../../lib/gcc/pic32mx/4.8.3/../../../../pic32mx/lib/libpic32.a(vector26.o)
                0x9d03f540                __vector_dispatch_26
                0x00000001                ASSERT (((_vector_spacing == 0x0) || (SIZEOF (.vector_26) <= (_vector_spacing << 0x5))), function at exception vector 26 too large)

.vector_27      0x9d03f560        0x8
 *(.vector_27)
 .vector_27     0x9d03f560        0x8 /Applications/microchip/xc32/v1.40/bin/bin/../../lib/gcc/pic32mx/4.8.3/../../../../pic32mx/lib/libpic32.a(vector27.o)
                0x9d03f560                __vector_dispatch_27
                0x00000001                ASSERT (((_vector_spacing == 0x0) || (SIZEOF (.vector_27) <= (_vector_spacing << 0x5))), function at exception vector 27 too large)

.vector_28      0x9d03f580        0x8
 *(.vector_28)
 .vector_28     0x9d03f580        0x8 /Applications/microchip/xc32/v1.40/bin/bin/../../lib/gcc/pic32mx/4.8.3/../../../../pic32mx/lib/libpic32.a(vector28.o)
                0x9d03f580                __vector_dispatch_28
                0x00000001                ASSERT (((_vector_spacing == 0x0) || (SIZEOF (.vector_28) <= (_vector_spacing << 0x5))), function at exception vector 28 too large)

.vector_29      0x9d03f5a0        0x8
 *(.vector_29)
 .vector_29     0x9d03f5a0        0x8 /Applications/microchip/xc32/v1.40/bin/bin/../../lib/gcc/pic32mx/4.8.3/../../../../pic32mx/lib/libpic32.a(vector29.o)
                0x9d03f5a0                __vector_dispatch_29
                0x00000001                ASSERT (((_vector_spacing == 0x0) || (SIZEOF (.vector_29) <= (_vector_spacing << 0x5))), function at exception vector 29 too large)

.vector_30      0x9d03f5c0        0x8
 *(.vector_30)
 .vector_30     0x9d03f5c0        0x8 /Applications/microchip/xc32/v1.40/bin/bin/../../lib/gcc/pic32mx/4.8.3/../../../../pic32mx/lib/libpic32.a(vector30.o)
                0x9d03f5c0                __vector_dispatch_30
                0x00000001                ASSERT (((_vector_spacing == 0x0) || (SIZEOF (.vector_30) <= (_vector_spacing << 0x5))), function at exception vector 30 too large)

.vector_31      0x9d03f5e0        0x8
 *(.vector_31)
 .vector_31     0x9d03f5e0        0x8 /Applications/microchip/xc32/v1.40/bin/bin/../../lib/gcc/pic32mx/4.8.3/../../../../pic32mx/lib/libpic32.a(vector31.o)
                0x9d03f5e0                __vector_dispatch_31
                0x00000001                ASSERT (((_vector_spacing == 0x0) || (SIZEOF (.vector_31) <= (_vector_spacing << 0x5))), function at exception vector 31 too large)

.vector_32      0x9d03f600        0x8
 *(.vector_32)
 .vector_32     0x9d03f600        0x8 /Applications/microchip/xc32/v1.40/bin/bin/../../lib/gcc/pic32mx/4.8.3/../../../../pic32mx/lib/libpic32.a(vector32.o)
                0x9d03f600                __vector_dispatch_32
                0x00000001                ASSERT (((_vector_spacing == 0x0) || (SIZEOF (.vector_32) <= (_vector_spacing << 0x5))), function at exception vector 32 too large)

.vector_33      0x9d03f620        0x8
 *(.vector_33)
 .vector_33     0x9d03f620        0x8 /Applications/microchip/xc32/v1.40/bin/bin/../../lib/gcc/pic32mx/4.8.3/../../../../pic32mx/lib/libpic32.a(vector33.o)
                0x9d03f620                __vector_dispatch_33
                0x00000001                ASSERT (((_vector_spacing == 0x0) || (SIZEOF (.vector_33) <= (_vector_spacing << 0x5))), function at exception vector 33 too large)

.vector_34      0x9d03f640        0x8
 *(.vector_34)
 .vector_34     0x9d03f640        0x8 /Applications/microchip/xc32/v1.40/bin/bin/../../lib/gcc/pic32mx/4.8.3/../../../../pic32mx/lib/libpic32.a(vector34.o)
                0x9d03f640                __vector_dispatch_34
                0x00000001                ASSERT (((_vector_spacing == 0x0) || (SIZEOF (.vector_34) <= (_vector_spacing << 0x5))), function at exception vector 34 too large)

.vector_35      0x9d03f660        0x8
 *(.vector_35)
 .vector_35     0x9d03f660        0x8 /Applications/microchip/xc32/v1.40/bin/bin/../../lib/gcc/pic32mx/4.8.3/../../../../pic32mx/lib/libpic32.a(vector35.o)
                0x9d03f660                __vector_dispatch_35
                0x00000001                ASSERT (((_vector_spacing == 0x0) || (SIZEOF (.vector_35) <= (_vector_spacing << 0x5))), function at exception vector 35 too large)

.vector_36      0x9d03f680        0x8
 *(.vector_36)
 .vector_36     0x9d03f680        0x8 /Applications/microchip/xc32/v1.40/bin/bin/../../lib/gcc/pic32mx/4.8.3/../../../../pic32mx/lib/libpic32.a(vector36.o)
                0x9d03f680                __vector_dispatch_36
                0x00000001                ASSERT (((_vector_spacing == 0x0) || (SIZEOF (.vector_36) <= (_vector_spacing << 0x5))), function at exception vector 36 too large)

.vector_37      0x9d03f6a0        0x8
 *(.vector_37)
 .vector_37     0x9d03f6a0        0x8 /Applications/microchip/xc32/v1.40/bin/bin/../../lib/gcc/pic32mx/4.8.3/../../../../pic32mx/lib/libpic32.a(vector37.o)
                0x9d03f6a0                __vector_dispatch_37
                0x00000001                ASSERT (((_vector_spacing == 0x0) || (SIZEOF (.vector_37) <= (_vector_spacing << 0x5))), function at exception vector 37 too large)

.vector_38      0x9d03f6c0        0x8
 *(.vector_38)
 .vector_38     0x9d03f6c0        0x8 /Applications/microchip/xc32/v1.40/bin/bin/../../lib/gcc/pic32mx/4.8.3/../../../../pic32mx/lib/libpic32.a(vector38.o)
                0x9d03f6c0                __vector_dispatch_38
                0x00000001                ASSERT (((_vector_spacing == 0x0) || (SIZEOF (.vector_38) <= (_vector_spacing << 0x5))), function at exception vector 38 too large)

.vector_39      0x9d03f6e0        0x8
 *(.vector_39)
 .vector_39     0x9d03f6e0        0x8 /Applications/microchip/xc32/v1.40/bin/bin/../../lib/gcc/pic32mx/4.8.3/../../../../pic32mx/lib/libpic32.a(vector39.o)
                0x9d03f6e0                __vector_dispatch_39
                0x00000001                ASSERT (((_vector_spacing == 0x0) || (SIZEOF (.vector_39) <= (_vector_spacing << 0x5))), function at exception vector 39 too large)

.vector_40      0x9d03f700        0x8
 *(.vector_40)
 .vector_40     0x9d03f700        0x8 /Applications/microchip/xc32/v1.40/bin/bin/../../lib/gcc/pic32mx/4.8.3/../../../../pic32mx/lib/libpic32.a(vector40.o)
                0x9d03f700                __vector_dispatch_40
                0x00000001                ASSERT (((_vector_spacing == 0x0) || (SIZEOF (.vector_40) <= (_vector_spacing << 0x5))), function at exception vector 40 too large)

.vector_41      0x9d03f720        0x8
 *(.vector_41)
 .vector_41     0x9d03f720        0x8 /Applications/microchip/xc32/v1.40/bin/bin/../../lib/gcc/pic32mx/4.8.3/../../../../pic32mx/lib/libpic32.a(vector41.o)
                0x9d03f720                __vector_dispatch_41
                0x00000001                ASSERT (((_vector_spacing == 0x0) || (SIZEOF (.vector_41) <= (_vector_spacing << 0x5))), function at exception vector 41 too large)

.vector_42      0x9d03f740        0x8
 *(.vector_42)
 .vector_42     0x9d03f740        0x8 /Applications/microchip/xc32/v1.40/bin/bin/../../lib/gcc/pic32mx/4.8.3/../../../../pic32mx/lib/libpic32.a(vector42.o)
                0x9d03f740                __vector_dispatch_42
                0x00000001                ASSERT (((_vector_spacing == 0x0) || (SIZEOF (.vector_42) <= (_vector_spacing << 0x5))), function at exception vector 42 too large)

.vector_43      0x9d03f760        0x8
 *(.vector_43)
 .vector_43     0x9d03f760        0x8 /Applications/microchip/xc32/v1.40/bin/bin/../../lib/gcc/pic32mx/4.8.3/../../../../pic32mx/lib/libpic32.a(vector43.o)
                0x9d03f760                __vector_dispatch_43
                0x00000001                ASSERT (((_vector_spacing == 0x0) || (SIZEOF (.vector_43) <= (_vector_spacing << 0x5))), function at exception vector 43 too large)

.vector_44      0x9d03f780        0x0
 *(.vector_44)
                0x00000001                ASSERT (((_vector_spacing == 0x0) || (SIZEOF (.vector_44) <= (_vector_spacing << 0x5))), function at exception vector 44 too large)

.vector_45      0x9d03f7a0        0x0
 *(.vector_45)
                0x00000001                ASSERT (((_vector_spacing == 0x0) || (SIZEOF (.vector_45) <= (_vector_spacing << 0x5))), function at exception vector 45 too large)

.vector_46      0x9d03f7c0        0x0
 *(.vector_46)
                0x00000001                ASSERT (((_vector_spacing == 0x0) || (SIZEOF (.vector_46) <= (_vector_spacing << 0x5))), function at exception vector 46 too large)

.vector_47      0x9d03f7e0        0x0
 *(.vector_47)
                0x00000001                ASSERT (((_vector_spacing == 0x0) || (SIZEOF (.vector_47) <= (_vector_spacing << 0x5))), function at exception vector 47 too large)

.vector_48      0x9d03f800        0x0
 *(.vector_48)
                0x00000001                ASSERT (((_vector_spacing == 0x0) || (SIZEOF (.vector_48) <= (_vector_spacing << 0x5))), function at exception vector 48 too large)

.vector_49      0x9d03f820        0x0
 *(.vector_49)
                0x00000001                ASSERT (((_vector_spacing == 0x0) || (SIZEOF (.vector_49) <= (_vector_spacing << 0x5))), function at exception vector 49 too large)

.vector_50      0x9d03f840        0x0
 *(.vector_50)
                0x00000001                ASSERT (((_vector_spacing == 0x0) || (SIZEOF (.vector_50) <= (_vector_spacing << 0x5))), function at exception vector 50 too large)

.vector_51      0x9d03f860        0x0
 *(.vector_51)
                0x00000001                ASSERT (((_vector_spacing == 0x0) || (SIZEOF (.vector_51) <= (_vector_spacing << 0x5))), function at exception vector 51 too large)

.vector_52      0x9d03f880        0x0
 *(.vector_52)
                0x00000001                ASSERT (((_vector_spacing == 0x0) || (SIZEOF (.vector_52) <= (_vector_spacing << 0x5))), function at exception vector 52 too large)

.vector_53      0x9d03f8a0        0x0
 *(.vector_53)
                0x00000001                ASSERT (((_vector_spacing == 0x0) || (SIZEOF (.vector_53) <= (_vector_spacing << 0x5))), function at exception vector 53 too large)

.vector_54      0x9d03f8c0        0x0
 *(.vector_54)
                0x00000001                ASSERT (((_vector_spacing == 0x0) || (SIZEOF (.vector_54) <= (_vector_spacing << 0x5))), function at exception vector 54 too large)

.vector_55      0x9d03f8e0        0x0
 *(.vector_55)
                0x00000001                ASSERT (((_vector_spacing == 0x0) || (SIZEOF (.vector_55) <= (_vector_spacing << 0x5))), function at exception vector 55 too large)

.vector_56      0x9d03f900        0x0
 *(.vector_56)
                0x00000001                ASSERT (((_vector_spacing == 0x0) || (SIZEOF (.vector_56) <= (_vector_spacing << 0x5))), function at exception vector 56 too large)

.vector_57      0x9d03f920        0x0
 *(.vector_57)
                0x00000001                ASSERT (((_vector_spacing == 0x0) || (SIZEOF (.vector_57) <= (_vector_spacing << 0x5))), function at exception vector 57 too large)

.vector_58      0x9d03f940        0x0
 *(.vector_58)
                0x00000001                ASSERT (((_vector_spacing == 0x0) || (SIZEOF (.vector_58) <= (_vector_spacing << 0x5))), function at exception vector 58 too large)

.vector_59      0x9d03f960        0x0
 *(.vector_59)
                0x00000001                ASSERT (((_vector_spacing == 0x0) || (SIZEOF (.vector_59) <= (_vector_spacing << 0x5))), function at exception vector 59 too large)

.vector_60      0x9d03f980        0x0
 *(.vector_60)
                0x00000001                ASSERT (((_vector_spacing == 0x0) || (SIZEOF (.vector_60) <= (_vector_spacing << 0x5))), function at exception vector 60 too large)

.vector_61      0x9d03f9a0        0x0
 *(.vector_61)
                0x00000001                ASSERT (((_vector_spacing == 0x0) || (SIZEOF (.vector_61) <= (_vector_spacing << 0x5))), function at exception vector 61 too large)

.vector_62      0x9d03f9c0        0x0
 *(.vector_62)
                0x00000001                ASSERT (((_vector_spacing == 0x0) || (SIZEOF (.vector_62) <= (_vector_spacing << 0x5))), function at exception vector 62 too large)

.vector_63      0x9d03f9e0        0x0
 *(.vector_63)
                0x00000001                ASSERT (((_vector_spacing == 0x0) || (SIZEOF (.vector_63) <= (_vector_spacing << 0x5))), function at exception vector 63 too large)

.startup
 *(.startup)

.text           0x9d000000        0x0
 *(.stub .gnu.linkonce.t.*)
 *(.text.*personality*)
 *(.mips16.fn.*)
 *(.mips16.call.*)
 *(.gnu.warning)
                0x9d000000                . = ALIGN (0x4)

.init           0x9d000000        0x0
 *crti.o(.init)
 *crtbegin.o(.init)
 *(EXCLUDE_FILE(*crtn.o *crtend?.o *crtend.o) .init)
 *crtend.o(.init)
 *crtn.o(.init)
                0x9d000000                . = ALIGN (0x4)

.fini           0x9d000000        0x0
 *(.fini)
                0x9d000000                . = ALIGN (0x4)

.preinit_array  0x9d000000        0x0
                0x9d000000                PROVIDE (__preinit_array_start, .)
 *(.preinit_array)
                0x9d000000                PROVIDE (__preinit_array_end, .)
                0x9d000000                . = ALIGN (0x4)

.init_array     0x9d000000        0x0
                0x9d000000                PROVIDE (__init_array_start, .)
 *(SORT(.init_array.*))
 *(.init_array)
                0x9d000000                PROVIDE (__init_array_end, .)
                0x9d000000                . = ALIGN (0x4)

.fini_array     0x9d000000        0x0
                0x9d000000                PROVIDE (__fini_array_start, .)
 *(SORT(.fini_array.*))
 *(.fini_array)
                0x9d000000                PROVIDE (__fini_array_end, .)
                0x9d000000                . = ALIGN (0x4)

.ctors          0x9d000000        0x0
 *crtbegin.o(.ctors)
 *crtbegin?.o(.ctors)
 *(EXCLUDE_FILE(*crtend?.o *crtend.o) .ctors)
 *(SORT(.ctors.*))
 *(.ctors)
                0x9d000000                . = ALIGN (0x4)

.dtors          0x9d000000        0x0
 *crtbegin.o(.dtors)
 *crtbegin?.o(.dtors)
 *(EXCLUDE_FILE(*crtend?.o *crtend.o) .dtors)
 *(SORT(.dtors.*))
 *(.dtors)
                0x9d000000                . = ALIGN (0x4)

.rodata         0x9d000000        0x0
 *(.gnu.linkonce.r.*)
 *(.rodata1)
                0x9d000000                . = ALIGN (0x4)

.sdata2         0x9fc00490        0x0
 *(.sdata2 .sdata2.* .gnu.linkonce.s2.*)
                0x9fc00490                . = ALIGN (0x4)

.sbss2          0x9fc00490        0x0
 *(.sbss2 .sbss2.* .gnu.linkonce.sb2.*)
                0x9fc00490                . = ALIGN (0x4)

.eh_frame_hdr
 *(.eh_frame_hdr)
                0x9fc00490                . = ALIGN (0x4)

.eh_frame
 *(.eh_frame)
                0x9fc00490                . = ALIGN (0x4)

.gcc_except_table
 *(.gcc_except_table .gcc_except_table.*)
                0x9fc00490                . = ALIGN (0x4)

.dbg_data       0xa0000000        0x0
                0xa0000000                . = (. + DEFINED (_DEBUGGER)?0x200:0x0)

.jcr            0xa0000000        0x0
 *(.jcr)
                0xa0000000                . = ALIGN (0x4)

.eh_frame
 *(.eh_frame)
                0xa0000000                . = ALIGN (0x4)

.gcc_except_table
 *(.gcc_except_table .gcc_except_table.*)
                0xa0000000                . = ALIGN (0x4)

.persist        0xa0000000        0x0
                0xa0000000                _persist_begin = .
 *(.persist .persist.*)
 *(.pbss .pbss.*)
                0xa0000000                . = ALIGN (0x4)
                0xa0000000                _persist_end = .

.data           0xa0000000        0x0
 *(.gnu.linkonce.d.*)
 *(.data1)
                0xa0000000                . = ALIGN (0x4)
                0xa0000000                . = .
                0xa0007ff0                _gp = (ALIGN (0x10) + 0x7ff0)

.got            0xa0000000        0x0
 *(.got.plt)
 *(.got)
                0xa0000000                . = ALIGN (0x4)

.sdata          0xa0000000        0x4
                0xa0000000                _sdata_begin = .
 *(.sdata .sdata.* .gnu.linkonce.s.*)
 .sdata         0xa0000000        0x4 build/default/production/_ext/1458948112/port.o
                0xa0000000                uxInterruptNesting
                0xa0000004                . = ALIGN (0x4)
                0xa0000004                _sdata_end = .

.lit8
 *(.lit8)

.lit4
 *(.lit4)
                0xa0000004                . = ALIGN (0x4)
                0xa0000004                _data_end = .
                0xa0000004                _bss_begin = .

.sbss           0xa0000004       0x64
                0xa0000004                _sbss_begin = .
 *(.dynsbss)
 *(.sbss .sbss.* .gnu.linkonce.sb.*)
 .sbss          0xa0000004       0x3c build/default/production/_ext/8672134/tasks.o
                0xa0000004                pxCurrentTCB
 .sbss          0xa0000040        0x8 build/default/production/_ext/2055919075/heap_1.o
 .sbss          0xa0000048        0x4 build/default/production/_ext/1458948112/port.o
                0xa0000048                uxSavedTaskStackPointer
 .sbss          0xa000004c        0xc build/default/production/_ext/1688732426/system_exceptions.o
 *(.scommon)
 .scommon       0xa0000058        0x8 build/default/production/_ext/1170711769/sys_devcon.o
                0xa0000058                sysDevconObj
 .scommon       0xa0000060        0x4 build/default/production/_ext/1360937237/app.o
                0xa0000060                appData
 .scommon       0xa0000064        0x4 build/default/production/_ext/1688732426/system_init.o
                0xa0000064                sysObj
                0xa0000068                _sbss_end = .
                0xa0000068                . = ALIGN (0x4)

.bss            0xa0000068        0x0
 *(.dynbss)
 *(COMMON)
                0xa0000068                . = ALIGN ((. != 0x0)?0x4:0x1)
                0xa0000068                . = ALIGN (0x4)
                0xa0000068                _end = .
                0xa0000068                _bss_end = .
                0x00010000                _bmxdudba_address = 0x10000
                0x00010000                _bmxdupba_address = 0x10000

/DISCARD/
 *(.pdr)
 *(.rel.dyn)
 *(.note.GNU-stack)
 *(.note.GNU-stack)
 *(.gnu_debuglink)
 *(.gnu.lto_*)
 *(.discard)

.gptab.sdata
 *(.gptab.data)
 *(.gptab.sdata)

.gptab.sbss
 *(.gptab.bss)
 *(.gptab.sbss)

.mdebug.abi32   0xa0000068        0x0
 *(.mdebug.abi32)
 .mdebug.abi32  0xa0000068        0x0 build/default/production/_ext/780285471/osal_freertos.o
 .mdebug.abi32  0xa0000068        0x0 build/default/production/_ext/1170711769/sys_devcon.o
 .mdebug.abi32  0xa0000068        0x0 build/default/production/_ext/1170711769/sys_devcon_pic32mx.o
 .mdebug.abi32  0xa0000068        0x0 build/default/production/_ext/350739233/sys_int_pic32.o
 .mdebug.abi32  0xa0000068        0x0 build/default/production/_ext/8672134/croutine.o
 .mdebug.abi32  0xa0000068        0x0 build/default/production/_ext/8672134/list.o
 .mdebug.abi32  0xa0000068        0x0 build/default/production/_ext/8672134/queue.o
 .mdebug.abi32  0xa0000068        0x0 build/default/production/_ext/8672134/tasks.o
 .mdebug.abi32  0xa0000068        0x0 build/default/production/_ext/8672134/timers.o
 .mdebug.abi32  0xa0000068        0x0 build/default/production/_ext/8672134/event_groups.o
 .mdebug.abi32  0xa0000068        0x0 build/default/production/_ext/2055919075/heap_1.o
 .mdebug.abi32  0xa0000068        0x0 build/default/production/_ext/1458948112/port.o
 .mdebug.abi32  0xa0000068        0x0 build/default/production/_ext/1360937237/app.o
 .mdebug.abi32  0xa0000068        0x0 build/default/production/_ext/639803181/sys_clk_static.o
 .mdebug.abi32  0xa0000068        0x0 build/default/production/_ext/822048611/sys_ports_static.o
 .mdebug.abi32  0xa0000068        0x0 build/default/production/_ext/1688732426/system_init.o
 .mdebug.abi32  0xa0000068        0x0 build/default/production/_ext/1688732426/system_interrupt.o
 .mdebug.abi32  0xa0000068        0x0 build/default/production/_ext/1688732426/system_exceptions.o
 .mdebug.abi32  0xa0000068        0x0 build/default/production/_ext/1360937237/main.o
 .mdebug.abi32  0xa0000068        0x0 build/default/production/_ext/1688732426/system_tasks.o
 .mdebug.abi32  0xa0000068        0x0 build/default/production/_ext/1688732426/rtos_hooks.o
 .mdebug.abi32  0xa0000068        0x0 /Applications/microchip/xc32/v1.40/bin/bin/../../lib/gcc/pic32mx/4.8.3/../../../../pic32mx/lib/libpic32.a(default-bootstrap-exception-handler.o)
 .mdebug.abi32  0xa0000068        0x0 /Applications/microchip/xc32/v1.40/bin/bin/../../lib/gcc/pic32mx/4.8.3/../../../../pic32mx/lib/libpic32.a(default-on-reset.o)
 .mdebug.abi32  0xa0000068        0x0 /Applications/microchip/xc32/v1.40/bin/bin/../../lib/gcc/pic32mx/4.8.3/../../../../pic32mx/lib/libpic32.a(default-on-bootstrap.o)
 .mdebug.abi32  0xa0000068        0x0 /Applications/microchip/xc32/v1.40/bin/bin/../../lib/gcc/pic32mx/4.8.3/../../../../pic32mx/lib/libpic32.a(defaultinterrupt.o)

.mdebug.abiN32
 *(.mdebug.abiN32)

.mdebug.abi64
 *(.mdebug.abi64)

.mdebug.abiO64
 *(.mdebug.abiO64)

.mdebug.eabi32
 *(.mdebug.eabi32)

.mdebug.eabi64
 *(.mdebug.eabi64)

.gcc_compiled_long32
 *(.gcc_compiled_long32)

.gcc_compiled_long64
 *(.gcc_compiled_long64)

.stab
 *(.stab)

.stabstr
 *(.stabstr)

.stab.excl
 *(.stab.excl)

.stab.exclstr
 *(.stab.exclstr)

.stab.index
 *(.stab.index)

.stab.indexstr
 *(.stab.indexstr)

.comment        0x00000000       0x54
 *(.comment)
 .comment       0x00000000       0x3c build/default/production/_ext/780285471/osal_freertos.o
                                 0x3d (size before relaxing)
 .comment       0x00000000       0x3d build/default/production/_ext/1170711769/sys_devcon.o
 .comment       0x00000000       0x3d build/default/production/_ext/1170711769/sys_devcon_pic32mx.o
 .comment       0x00000000       0x3d build/default/production/_ext/350739233/sys_int_pic32.o
 .comment       0x00000000       0x3d build/default/production/_ext/8672134/croutine.o
 .comment       0x00000000       0x3d build/default/production/_ext/8672134/list.o
 .comment       0x00000000       0x3d build/default/production/_ext/8672134/queue.o
 .comment       0x00000000       0x3d build/default/production/_ext/8672134/tasks.o
 .comment       0x00000000       0x3d build/default/production/_ext/8672134/timers.o
 .comment       0x00000000       0x3d build/default/production/_ext/8672134/event_groups.o
 .comment       0x00000000       0x3d build/default/production/_ext/2055919075/heap_1.o
 .comment       0x00000000       0x3d build/default/production/_ext/1458948112/port.o
 .comment       0x00000000       0x3d build/default/production/_ext/1360937237/app.o
 .comment       0x00000000       0x3d build/default/production/_ext/639803181/sys_clk_static.o
 .comment       0x00000000       0x3d build/default/production/_ext/822048611/sys_ports_static.o
 .comment       0x00000000       0x3d build/default/production/_ext/1688732426/system_init.o
 .comment       0x00000000       0x3d build/default/production/_ext/1688732426/system_interrupt.o
 .comment       0x00000000       0x3d build/default/production/_ext/1688732426/system_exceptions.o
 .comment       0x00000000       0x3d build/default/production/_ext/1360937237/main.o
 .comment       0x00000000       0x3d build/default/production/_ext/1688732426/system_tasks.o
 .comment       0x00000000       0x3d build/default/production/_ext/1688732426/rtos_hooks.o
 .comment       0x0000003c       0x18 /Applications/microchip/xc32/v1.40/bin/bin/../../lib/gcc/pic32mx/4.8.3/../../../../pic32mx/lib/libpic32.a(memset.o)
                                 0x19 (size before relaxing)
 .comment       0x00000000       0x3d /Applications/microchip/xc32/v1.40/bin/bin/../../lib/gcc/pic32mx/4.8.3/../../../../pic32mx/lib/libpic32.a(default-bootstrap-exception-handler.o)
 .comment       0x00000000       0x3d /Applications/microchip/xc32/v1.40/bin/bin/../../lib/gcc/pic32mx/4.8.3/../../../../pic32mx/lib/libpic32.a(default-on-reset.o)
 .comment       0x00000000       0x3d /Applications/microchip/xc32/v1.40/bin/bin/../../lib/gcc/pic32mx/4.8.3/../../../../pic32mx/lib/libpic32.a(default-on-bootstrap.o)
 .comment       0x00000000       0x3d /Applications/microchip/xc32/v1.40/bin/bin/../../lib/gcc/pic32mx/4.8.3/../../../../pic32mx/lib/libpic32.a(defaultinterrupt.o)

.debug
 *(.debug)

.line
 *(.line)

.debug_srcinfo
 *(.debug_srcinfo)

.debug_sfnames
 *(.debug_sfnames)

.debug_aranges  0x00000000      0x7e0
 *(.debug_aranges)
 .debug_aranges
                0x00000000       0x88 build/default/production/_ext/780285471/osal_freertos.o
 .debug_aranges
                0x00000088       0x78 build/default/production/_ext/1170711769/sys_devcon.o
 .debug_aranges
                0x00000100       0x20 build/default/production/_ext/1170711769/sys_devcon_pic32mx.o
 .debug_aranges
                0x00000120       0x48 build/default/production/_ext/350739233/sys_int_pic32.o
 .debug_aranges
                0x00000168       0x18 build/default/production/_ext/8672134/croutine.o
 .debug_aranges
                0x00000180       0x40 build/default/production/_ext/8672134/list.o
 .debug_aranges
                0x000001c0       0xb0 build/default/production/_ext/8672134/queue.o
 .debug_aranges
                0x00000270      0x178 build/default/production/_ext/8672134/tasks.o
 .debug_aranges
                0x000003e8       0x18 build/default/production/_ext/8672134/timers.o
 .debug_aranges
                0x00000400       0x60 build/default/production/_ext/8672134/event_groups.o
 .debug_aranges
                0x00000460       0x38 build/default/production/_ext/2055919075/heap_1.o
 .debug_aranges
                0x00000498       0x58 build/default/production/_ext/1458948112/port.o
 .debug_aranges
                0x000004f0       0x20 build/default/production/_ext/1458948112/port_asm.o
 .debug_aranges
                0x00000510       0x28 build/default/production/_ext/1360937237/app.o
 .debug_aranges
                0x00000538       0x50 build/default/production/_ext/639803181/sys_clk_static.o
 .debug_aranges
                0x00000588      0x108 build/default/production/_ext/822048611/sys_ports_static.o
 .debug_aranges
                0x00000690       0x20 build/default/production/_ext/1688732426/system_init.o
 .debug_aranges
                0x000006b0       0x18 build/default/production/_ext/1688732426/system_interrupt.o
 .debug_aranges
                0x000006c8       0x20 build/default/production/_ext/1688732426/system_exceptions.o
 .debug_aranges
                0x000006e8       0x20 build/default/production/_ext/1360937237/main.o
 .debug_aranges
                0x00000708       0x30 build/default/production/_ext/1688732426/system_tasks.o
 .debug_aranges
                0x00000738       0x28 build/default/production/_ext/1688732426/rtos_hooks.o
 .debug_aranges
                0x00000760       0x20 /Applications/microchip/xc32/v1.40/bin/bin/../../lib/gcc/pic32mx/4.8.3/../../../../pic32mx/lib/libpic32.a(default-bootstrap-exception-handler.o)
 .debug_aranges
                0x00000780       0x20 /Applications/microchip/xc32/v1.40/bin/bin/../../lib/gcc/pic32mx/4.8.3/../../../../pic32mx/lib/libpic32.a(default-on-reset.o)
 .debug_aranges
                0x000007a0       0x20 /Applications/microchip/xc32/v1.40/bin/bin/../../lib/gcc/pic32mx/4.8.3/../../../../pic32mx/lib/libpic32.a(default-on-bootstrap.o)
 .debug_aranges
                0x000007c0       0x20 /Applications/microchip/xc32/v1.40/bin/bin/../../lib/gcc/pic32mx/4.8.3/../../../../pic32mx/lib/libpic32.a(defaultinterrupt.o)

.debug_pubnames
 *(.debug_pubnames)

.debug_info     0x00000000    0x11cb6
 *(.debug_info .gnu.linkonce.wi.*)
 .debug_info    0x00000000      0xa9e build/default/production/_ext/780285471/osal_freertos.o
 .debug_info    0x00000a9e      0xf51 build/default/production/_ext/1170711769/sys_devcon.o
 .debug_info    0x000019ef      0x761 build/default/production/_ext/1170711769/sys_devcon_pic32mx.o
 .debug_info    0x00002150     0x12a5 build/default/production/_ext/350739233/sys_int_pic32.o
 .debug_info    0x000033f5      0x17f build/default/production/_ext/8672134/croutine.o
 .debug_info    0x00003574      0x483 build/default/production/_ext/8672134/list.o
 .debug_info    0x000039f7     0x1932 build/default/production/_ext/8672134/queue.o
 .debug_info    0x00005329     0x2919 build/default/production/_ext/8672134/tasks.o
 .debug_info    0x00007c42      0x17d build/default/production/_ext/8672134/timers.o
 .debug_info    0x00007dbf      0xd52 build/default/production/_ext/8672134/event_groups.o
 .debug_info    0x00008b11      0x383 build/default/production/_ext/2055919075/heap_1.o
 .debug_info    0x00008e94      0xe60 build/default/production/_ext/1458948112/port.o
 .debug_info    0x00009cf4       0xcd build/default/production/_ext/1458948112/port_asm.o
 .debug_info    0x00009dc1      0x70a build/default/production/_ext/1360937237/app.o
 .debug_info    0x0000a4cb     0x1603 build/default/production/_ext/639803181/sys_clk_static.o
 .debug_info    0x0000bace     0x391f build/default/production/_ext/822048611/sys_ports_static.o
 .debug_info    0x0000f3ed      0xb64 build/default/production/_ext/1688732426/system_init.o
 .debug_info    0x0000ff51      0x63a build/default/production/_ext/1688732426/system_interrupt.o
 .debug_info    0x0001058b      0x6e5 build/default/production/_ext/1688732426/system_exceptions.o
 .debug_info    0x00010c70      0x1a2 build/default/production/_ext/1360937237/main.o
 .debug_info    0x00010e12      0x91e build/default/production/_ext/1688732426/system_tasks.o
 .debug_info    0x00011730      0x24a build/default/production/_ext/1688732426/rtos_hooks.o
 .debug_info    0x0001197a       0xe3 /Applications/microchip/xc32/v1.40/bin/bin/../../lib/gcc/pic32mx/4.8.3/../../../../pic32mx/lib/libpic32.a(default-bootstrap-exception-handler.o)
 .debug_info    0x00011a5d       0xbd /Applications/microchip/xc32/v1.40/bin/bin/../../lib/gcc/pic32mx/4.8.3/../../../../pic32mx/lib/libpic32.a(default-on-reset.o)
 .debug_info    0x00011b1a       0xc5 /Applications/microchip/xc32/v1.40/bin/bin/../../lib/gcc/pic32mx/4.8.3/../../../../pic32mx/lib/libpic32.a(default-on-bootstrap.o)
 .debug_info    0x00011bdf       0xd7 /Applications/microchip/xc32/v1.40/bin/bin/../../lib/gcc/pic32mx/4.8.3/../../../../pic32mx/lib/libpic32.a(defaultinterrupt.o)

.debug_abbrev   0x00000000     0x211a
 *(.debug_abbrev)
 .debug_abbrev  0x00000000      0x1fe build/default/production/_ext/780285471/osal_freertos.o
 .debug_abbrev  0x000001fe      0x285 build/default/production/_ext/1170711769/sys_devcon.o
 .debug_abbrev  0x00000483      0x162 build/default/production/_ext/1170711769/sys_devcon_pic32mx.o
 .debug_abbrev  0x000005e5      0x1d0 build/default/production/_ext/350739233/sys_int_pic32.o
 .debug_abbrev  0x000007b5       0x1b build/default/production/_ext/8672134/croutine.o
 .debug_abbrev  0x000007d0       0xf1 build/default/production/_ext/8672134/list.o
 .debug_abbrev  0x000008c1      0x2e3 build/default/production/_ext/8672134/queue.o
 .debug_abbrev  0x00000ba4      0x392 build/default/production/_ext/8672134/tasks.o
 .debug_abbrev  0x00000f36       0x1b build/default/production/_ext/8672134/timers.o
 .debug_abbrev  0x00000f51      0x29a build/default/production/_ext/8672134/event_groups.o
 .debug_abbrev  0x000011eb      0x13f build/default/production/_ext/2055919075/heap_1.o
 .debug_abbrev  0x0000132a      0x2cf build/default/production/_ext/1458948112/port.o
 .debug_abbrev  0x000015f9       0x14 build/default/production/_ext/1458948112/port_asm.o
 .debug_abbrev  0x0000160d       0xd3 build/default/production/_ext/1360937237/app.o
 .debug_abbrev  0x000016e0      0x26a build/default/production/_ext/639803181/sys_clk_static.o
 .debug_abbrev  0x0000194a      0x247 build/default/production/_ext/822048611/sys_ports_static.o
 .debug_abbrev  0x00001b91      0x1cc build/default/production/_ext/1688732426/system_init.o
 .debug_abbrev  0x00001d5d       0x33 build/default/production/_ext/1688732426/system_interrupt.o
 .debug_abbrev  0x00001d90       0x7b build/default/production/_ext/1688732426/system_exceptions.o
 .debug_abbrev  0x00001e0b       0x93 build/default/production/_ext/1360937237/main.o
 .debug_abbrev  0x00001e9e      0x145 build/default/production/_ext/1688732426/system_tasks.o
 .debug_abbrev  0x00001fe3       0x97 build/default/production/_ext/1688732426/rtos_hooks.o
 .debug_abbrev  0x0000207a       0x28 /Applications/microchip/xc32/v1.40/bin/bin/../../lib/gcc/pic32mx/4.8.3/../../../../pic32mx/lib/libpic32.a(default-bootstrap-exception-handler.o)
 .debug_abbrev  0x000020a2       0x28 /Applications/microchip/xc32/v1.40/bin/bin/../../lib/gcc/pic32mx/4.8.3/../../../../pic32mx/lib/libpic32.a(default-on-reset.o)
 .debug_abbrev  0x000020ca       0x28 /Applications/microchip/xc32/v1.40/bin/bin/../../lib/gcc/pic32mx/4.8.3/../../../../pic32mx/lib/libpic32.a(default-on-bootstrap.o)
 .debug_abbrev  0x000020f2       0x28 /Applications/microchip/xc32/v1.40/bin/bin/../../lib/gcc/pic32mx/4.8.3/../../../../pic32mx/lib/libpic32.a(defaultinterrupt.o)

.debug_line     0x00000000     0x4135
 *(.debug_line)
 .debug_line    0x00000000      0x2d6 build/default/production/_ext/780285471/osal_freertos.o
 .debug_line    0x000002d6      0x60d build/default/production/_ext/1170711769/sys_devcon.o
 .debug_line    0x000008e3      0x3c7 build/default/production/_ext/1170711769/sys_devcon_pic32mx.o
 .debug_line    0x00000caa      0x3c2 build/default/production/_ext/350739233/sys_int_pic32.o
 .debug_line    0x0000106c       0x1d build/default/production/_ext/8672134/croutine.o
 .debug_line    0x00001089      0x1f7 build/default/production/_ext/8672134/list.o
 .debug_line    0x00001280      0x4a8 build/default/production/_ext/8672134/queue.o
 .debug_line    0x00001728      0x7c6 build/default/production/_ext/8672134/tasks.o
 .debug_line    0x00001eee       0x1d build/default/production/_ext/8672134/timers.o
 .debug_line    0x00001f0b      0x337 build/default/production/_ext/8672134/event_groups.o
 .debug_line    0x00002242      0x228 build/default/production/_ext/2055919075/heap_1.o
 .debug_line    0x0000246a      0x240 build/default/production/_ext/1458948112/port.o
 .debug_line    0x000026aa      0x11a build/default/production/_ext/1458948112/port_asm.o
 .debug_line    0x000027c4       0xd4 build/default/production/_ext/1360937237/app.o
 .debug_line    0x00002898      0x48d build/default/production/_ext/639803181/sys_clk_static.o
 .debug_line    0x00002d25      0x828 build/default/production/_ext/822048611/sys_ports_static.o
 .debug_line    0x0000354d      0x359 build/default/production/_ext/1688732426/system_init.o
 .debug_line    0x000038a6       0x68 build/default/production/_ext/1688732426/system_interrupt.o
 .debug_line    0x0000390e       0xdd build/default/production/_ext/1688732426/system_exceptions.o
 .debug_line    0x000039eb       0xbd build/default/production/_ext/1360937237/main.o
 .debug_line    0x00003aa8      0x315 build/default/production/_ext/1688732426/system_tasks.o
 .debug_line    0x00003dbd      0x13f build/default/production/_ext/1688732426/rtos_hooks.o
 .debug_line    0x00003efc       0x97 /Applications/microchip/xc32/v1.40/bin/bin/../../lib/gcc/pic32mx/4.8.3/../../../../pic32mx/lib/libpic32.a(default-bootstrap-exception-handler.o)
 .debug_line    0x00003f93       0x84 /Applications/microchip/xc32/v1.40/bin/bin/../../lib/gcc/pic32mx/4.8.3/../../../../pic32mx/lib/libpic32.a(default-on-reset.o)
 .debug_line    0x00004017       0x88 /Applications/microchip/xc32/v1.40/bin/bin/../../lib/gcc/pic32mx/4.8.3/../../../../pic32mx/lib/libpic32.a(default-on-bootstrap.o)
 .debug_line    0x0000409f       0x96 /Applications/microchip/xc32/v1.40/bin/bin/../../lib/gcc/pic32mx/4.8.3/../../../../pic32mx/lib/libpic32.a(defaultinterrupt.o)

.debug_frame    0x00000000     0x1040
 *(.debug_frame)
 .debug_frame   0x00000000      0x150 build/default/production/_ext/780285471/osal_freertos.o
 .debug_frame   0x00000150       0xe8 build/default/production/_ext/1170711769/sys_devcon.o
 .debug_frame   0x00000238       0x28 build/default/production/_ext/1170711769/sys_devcon_pic32mx.o
 .debug_frame   0x00000260       0x90 build/default/production/_ext/350739233/sys_int_pic32.o
 .debug_frame   0x000002f0       0x60 build/default/production/_ext/8672134/list.o
 .debug_frame   0x00000350      0x218 build/default/production/_ext/8672134/queue.o
 .debug_frame   0x00000568      0x458 build/default/production/_ext/8672134/tasks.o
 .debug_frame   0x000009c0      0x108 build/default/production/_ext/8672134/event_groups.o
 .debug_frame   0x00000ac8       0x5c build/default/production/_ext/2055919075/heap_1.o
 .debug_frame   0x00000b24       0xc0 build/default/production/_ext/1458948112/port.o
 .debug_frame   0x00000be4       0x30 build/default/production/_ext/1360937237/app.o
 .debug_frame   0x00000c14       0xa0 build/default/production/_ext/639803181/sys_clk_static.o
 .debug_frame   0x00000cb4      0x1f0 build/default/production/_ext/822048611/sys_ports_static.o
 .debug_frame   0x00000ea4       0x28 build/default/production/_ext/1688732426/system_init.o
 .debug_frame   0x00000ecc       0x28 build/default/production/_ext/1688732426/system_exceptions.o
 .debug_frame   0x00000ef4       0x28 build/default/production/_ext/1360937237/main.o
 .debug_frame   0x00000f1c       0x58 build/default/production/_ext/1688732426/system_tasks.o
 .debug_frame   0x00000f74       0x40 build/default/production/_ext/1688732426/rtos_hooks.o
 .debug_frame   0x00000fb4       0x2c /Applications/microchip/xc32/v1.40/bin/bin/../../lib/gcc/pic32mx/4.8.3/../../../../pic32mx/lib/libpic32.a(default-bootstrap-exception-handler.o)
 .debug_frame   0x00000fe0       0x20 /Applications/microchip/xc32/v1.40/bin/bin/../../lib/gcc/pic32mx/4.8.3/../../../../pic32mx/lib/libpic32.a(default-on-reset.o)
 .debug_frame   0x00001000       0x20 /Applications/microchip/xc32/v1.40/bin/bin/../../lib/gcc/pic32mx/4.8.3/../../../../pic32mx/lib/libpic32.a(default-on-bootstrap.o)
 .debug_frame   0x00001020       0x20 /Applications/microchip/xc32/v1.40/bin/bin/../../lib/gcc/pic32mx/4.8.3/../../../../pic32mx/lib/libpic32.a(defaultinterrupt.o)

.debug_str      0x00000000      0x597
 *(.debug_str)
 .debug_str     0x00000000       0x40 build/default/production/_ext/780285471/osal_freertos.o
 .debug_str     0x00000040       0x16 build/default/production/_ext/1170711769/sys_devcon.o
 .debug_str     0x00000056        0x6 build/default/production/_ext/1170711769/sys_devcon_pic32mx.o
 .debug_str     0x0000005c       0x2d build/default/production/_ext/350739233/sys_int_pic32.o
 .debug_str     0x00000089        0x0 build/default/production/_ext/8672134/croutine.o
 .debug_str     0x00000089       0x2b build/default/production/_ext/8672134/list.o
 .debug_str     0x000000b4      0x131 build/default/production/_ext/8672134/queue.o
 .debug_str     0x000001e5      0x186 build/default/production/_ext/8672134/tasks.o
 .debug_str     0x0000036b        0x0 build/default/production/_ext/8672134/timers.o
 .debug_str     0x0000036b       0xe6 build/default/production/_ext/8672134/event_groups.o
 .debug_str     0x00000451       0x1d build/default/production/_ext/2055919075/heap_1.o
 .debug_str     0x0000046e       0x37 build/default/production/_ext/1458948112/port.o
 .debug_str     0x000004a5        0x0 build/default/production/_ext/1360937237/app.o
 .debug_str     0x000004a5       0x46 build/default/production/_ext/639803181/sys_clk_static.o
 .debug_str     0x000004eb       0x98 build/default/production/_ext/822048611/sys_ports_static.o
 .debug_str     0x00000583        0xb build/default/production/_ext/1688732426/system_init.o
 .debug_str     0x0000058e        0x0 build/default/production/_ext/1688732426/system_interrupt.o
 .debug_str     0x0000058e        0x0 build/default/production/_ext/1688732426/system_exceptions.o
 .debug_str     0x0000058e        0x0 build/default/production/_ext/1360937237/main.o
 .debug_str     0x0000058e        0x0 build/default/production/_ext/1688732426/system_tasks.o
 .debug_str     0x0000058e        0x9 build/default/production/_ext/1688732426/rtos_hooks.o
 .debug_str     0x00000597        0x0 /Applications/microchip/xc32/v1.40/bin/bin/../../lib/gcc/pic32mx/4.8.3/../../../../pic32mx/lib/libpic32.a(default-bootstrap-exception-handler.o)
 .debug_str     0x00000597        0x0 /Applications/microchip/xc32/v1.40/bin/bin/../../lib/gcc/pic32mx/4.8.3/../../../../pic32mx/lib/libpic32.a(default-on-reset.o)
 .debug_str     0x00000597        0x0 /Applications/microchip/xc32/v1.40/bin/bin/../../lib/gcc/pic32mx/4.8.3/../../../../pic32mx/lib/libpic32.a(default-on-bootstrap.o)
 .debug_str     0x00000597        0x0 /Applications/microchip/xc32/v1.40/bin/bin/../../lib/gcc/pic32mx/4.8.3/../../../../pic32mx/lib/libpic32.a(defaultinterrupt.o)

.debug_loc      0x00000000     0x42b3
 *(.debug_loc)
 .debug_loc     0x00000000      0x40c build/default/production/_ext/780285471/osal_freertos.o
 .debug_loc     0x0000040c       0xf0 build/default/production/_ext/1170711769/sys_devcon.o
 .debug_loc     0x000004fc       0x91 build/default/production/_ext/1170711769/sys_devcon_pic32mx.o
 .debug_loc     0x0000058d       0x8d build/default/production/_ext/350739233/sys_int_pic32.o
 .debug_loc     0x0000061a       0x31 build/default/production/_ext/8672134/list.o
 .debug_loc     0x0000064b      0xeb0 build/default/production/_ext/8672134/queue.o
 .debug_loc     0x000014fb     0x1466 build/default/production/_ext/8672134/tasks.o
 .debug_loc     0x00002961      0x8ea build/default/production/_ext/8672134/event_groups.o
 .debug_loc     0x0000324b       0x49 build/default/production/_ext/2055919075/heap_1.o
 .debug_loc     0x00003294       0xea build/default/production/_ext/1458948112/port.o
 .debug_loc     0x0000337e       0x14 build/default/production/_ext/1360937237/app.o
 .debug_loc     0x00003392       0x49 build/default/production/_ext/639803181/sys_clk_static.o
 .debug_loc     0x000033db      0xe83 build/default/production/_ext/822048611/sys_ports_static.o
 .debug_loc     0x0000425e       0x21 build/default/production/_ext/1688732426/system_init.o
 .debug_loc     0x0000427f       0x34 build/default/production/_ext/1688732426/rtos_hooks.o

.debug_macinfo
 *(.debug_macinfo)

.debug_weaknames
 *(.debug_weaknames)

.debug_funcnames
 *(.debug_funcnames)

.debug_typenames
 *(.debug_typenames)

.debug_varnames
 *(.debug_varnames)

.debug_pubtypes
 *(.debug_pubtypes)

.debug_ranges   0x00000000      0x750
 *(.debug_ranges)
 .debug_ranges  0x00000000       0x78 build/default/production/_ext/780285471/osal_freertos.o
 .debug_ranges  0x00000078       0x68 build/default/production/_ext/1170711769/sys_devcon.o
 .debug_ranges  0x000000e0       0x10 build/default/production/_ext/1170711769/sys_devcon_pic32mx.o
 .debug_ranges  0x000000f0       0x50 build/default/production/_ext/350739233/sys_int_pic32.o
 .debug_ranges  0x00000140       0x30 build/default/production/_ext/8672134/list.o
 .debug_ranges  0x00000170      0x130 build/default/production/_ext/8672134/queue.o
 .debug_ranges  0x000002a0      0x1b0 build/default/production/_ext/8672134/tasks.o
 .debug_ranges  0x00000450       0x98 build/default/production/_ext/8672134/event_groups.o
 .debug_ranges  0x000004e8       0x28 build/default/production/_ext/2055919075/heap_1.o
 .debug_ranges  0x00000510       0x48 build/default/production/_ext/1458948112/port.o
 .debug_ranges  0x00000558       0x18 build/default/production/_ext/1360937237/app.o
 .debug_ranges  0x00000570       0x40 build/default/production/_ext/639803181/sys_clk_static.o
 .debug_ranges  0x000005b0       0xf8 build/default/production/_ext/822048611/sys_ports_static.o
 .debug_ranges  0x000006a8       0x10 build/default/production/_ext/1688732426/system_init.o
 .debug_ranges  0x000006b8       0x10 build/default/production/_ext/1688732426/system_exceptions.o
 .debug_ranges  0x000006c8       0x10 build/default/production/_ext/1360937237/main.o
 .debug_ranges  0x000006d8       0x20 build/default/production/_ext/1688732426/system_tasks.o
 .debug_ranges  0x000006f8       0x18 build/default/production/_ext/1688732426/rtos_hooks.o
 .debug_ranges  0x00000710       0x10 /Applications/microchip/xc32/v1.40/bin/bin/../../lib/gcc/pic32mx/4.8.3/../../../../pic32mx/lib/libpic32.a(default-bootstrap-exception-handler.o)
 .debug_ranges  0x00000720       0x10 /Applications/microchip/xc32/v1.40/bin/bin/../../lib/gcc/pic32mx/4.8.3/../../../../pic32mx/lib/libpic32.a(default-on-reset.o)
 .debug_ranges  0x00000730       0x10 /Applications/microchip/xc32/v1.40/bin/bin/../../lib/gcc/pic32mx/4.8.3/../../../../pic32mx/lib/libpic32.a(default-on-bootstrap.o)
 .debug_ranges  0x00000740       0x10 /Applications/microchip/xc32/v1.40/bin/bin/../../lib/gcc/pic32mx/4.8.3/../../../../pic32mx/lib/libpic32.a(defaultinterrupt.o)

.gnu.attributes
                0x00000000       0x10
 *(.gnu.attributes)
 .gnu.attributes
                0x00000000       0x10 build/default/production/_ext/780285471/osal_freertos.o
 .gnu.attributes
                0x00000010       0x10 build/default/production/_ext/1170711769/sys_devcon.o
 .gnu.attributes
                0x00000020       0x10 build/default/production/_ext/1170711769/sys_devcon_pic32mx.o
 .gnu.attributes
                0x00000030       0x10 build/default/production/_ext/350739233/sys_int_pic32.o
 .gnu.attributes
                0x00000040       0x10 build/default/production/_ext/8672134/croutine.o
 .gnu.attributes
                0x00000050       0x10 build/default/production/_ext/8672134/list.o
 .gnu.attributes
                0x00000060       0x10 build/default/production/_ext/8672134/queue.o
 .gnu.attributes
                0x00000070       0x10 build/default/production/_ext/8672134/tasks.o
 .gnu.attributes
                0x00000080       0x10 build/default/production/_ext/8672134/timers.o
 .gnu.attributes
                0x00000090       0x10 build/default/production/_ext/8672134/event_groups.o
 .gnu.attributes
                0x000000a0       0x10 build/default/production/_ext/2055919075/heap_1.o
 .gnu.attributes
                0x000000b0       0x10 build/default/production/_ext/1458948112/port.o
 .gnu.attributes
                0x000000c0       0x10 build/default/production/_ext/1360937237/app.o
 .gnu.attributes
                0x000000d0       0x10 build/default/production/_ext/639803181/sys_clk_static.o
 .gnu.attributes
                0x000000e0       0x10 build/default/production/_ext/822048611/sys_ports_static.o
 .gnu.attributes
                0x000000f0       0x10 build/default/production/_ext/1688732426/system_init.o
 .gnu.attributes
                0x00000100       0x10 build/default/production/_ext/1688732426/system_interrupt.o
 .gnu.attributes
                0x00000110       0x10 build/default/production/_ext/1688732426/system_exceptions.o
 .gnu.attributes
                0x00000120       0x10 build/default/production/_ext/1360937237/main.o
 .gnu.attributes
                0x00000130       0x10 build/default/production/_ext/1688732426/system_tasks.o
 .gnu.attributes
                0x00000140       0x10 build/default/production/_ext/1688732426/rtos_hooks.o
 .gnu.attributes
                0x00000150       0x10 /Applications/microchip/xc32/v1.40/bin/bin/../../lib/gcc/pic32mx/4.8.3/../../../../pic32mx/lib/libpic32.a(default-bootstrap-exception-handler.o)
 .gnu.attributes
                0x00000160       0x10 /Applications/microchip/xc32/v1.40/bin/bin/../../lib/gcc/pic32mx/4.8.3/../../../../pic32mx/lib/libpic32.a(default-on-reset.o)
 .gnu.attributes
                0x00000170       0x10 /Applications/microchip/xc32/v1.40/bin/bin/../../lib/gcc/pic32mx/4.8.3/../../../../pic32mx/lib/libpic32.a(default-on-bootstrap.o)
 .gnu.attributes
                0x00000180       0x10 /Applications/microchip/xc32/v1.40/bin/bin/../../lib/gcc/pic32mx/4.8.3/../../../../pic32mx/lib/libpic32.a(defaultinterrupt.o)
LOAD /Applications/microchip/xc32/v1.40/bin/bin/../../lib/gcc/pic32mx/4.8.3/libgcc.a
START GROUP
LOAD /Applications/microchip/xc32/v1.40/bin/bin/../../lib/gcc/pic32mx/4.8.3/../../../../pic32mx/lib/libpic32.a
LOAD /Applications/microchip/xc32/v1.40/bin/bin/../../lib/gcc/pic32mx/4.8.3/../../../../pic32mx/lib/libdebug.a
LOAD /Applications/microchip/xc32/v1.40/bin/bin/../../lib/gcc/pic32mx/4.8.3/../../../../pic32mx/lib/libpic32.a
LOAD /Applications/microchip/xc32/v1.40/bin/bin/../../lib/gcc/pic32mx/4.8.3/../../../../pic32mx/lib/libm.a
LOAD /Applications/microchip/xc32/v1.40/bin/bin/../../lib/gcc/pic32mx/4.8.3/../../../../pic32mx/lib/libe.a
LOAD /Applications/microchip/xc32/v1.40/bin/bin/../../lib/gcc/pic32mx/4.8.3/../../../../pic32mx/lib/libdsp.a
LOAD /Applications/microchip/xc32/v1.40/bin/bin/../../lib/gcc/pic32mx/4.8.3/libgcc.a
LOAD /Applications/microchip/xc32/v1.40/bin/bin/../../lib/gcc/pic32mx/4.8.3/../../../../pic32mx/lib/libc.a
LOAD /Applications/microchip/xc32/v1.40/bin/bin/../../lib/gcc/pic32mx/4.8.3/../../../../pic32mx/lib/libpic32.a
END GROUP
LOAD /Applications/microchip/xc32/v1.40/bin/bin/../../lib/gcc/pic32mx/4.8.3/libgcc.a
OUTPUT(dist/default/production/spacebros.X.production.elf elf32-tradlittlemips)
LOAD stack
LOAD data_init

.reginfo        0x00000000       0x18
 .reginfo       0x00000000       0x18 /Applications/microchip/xc32/v1.40/bin/bin/../../lib/gcc/pic32mx/4.8.3/../../../../pic32mx/lib/./proc/32MX270F256B/crt0_mips32r2.o

.stack          0xa0002fd8      0x400
 .stack         0xa0002fd8      0x400 stack

.bss            0xa0000068     0x2f08
 .bss           0xa0000068     0x2800 build/default/production/_ext/2055919075/heap_1.o
 .bss           0xa0002868      0x640 build/default/production/_ext/1458948112/port.o
                0xa0002868                xISRStack
 .bss           0xa0002ea8       0xc8 build/default/production/_ext/8672134/tasks.o

.data           0xa0002f70       0x4c
 .data          0xa0002f70       0x4c build/default/production/_ext/1688732426/system_exceptions.o

._debug_exception
                0xbfc00480       0x2c
 ._debug_exception
                0xbfc00480       0x2c /Applications/microchip/xc32/v1.40/bin/bin/../../lib/gcc/pic32mx/4.8.3/../../../../pic32mx/lib/debug-exception-return.o
                0xbfc00480                __DbgExecReturn

.text           0x9d000000      0x454
 .text          0x9d000000      0x454 build/default/production/_ext/1458948112/port_asm.o
                0x9d000000                vPortTickInterruptHandler
                0x9d0001ac                vPortStartFirstTask
                0x9d000274                vPortYieldISR

.text.xTaskCreate
                0x9d000454      0x2d0
 .text.xTaskCreate
                0x9d000454      0x2d0 build/default/production/_ext/8672134/tasks.o
                0x9d000454                xTaskCreate

.text.xTaskIncrementTick
                0x9d000724      0x164
 .text.xTaskIncrementTick
                0x9d000724      0x164 build/default/production/_ext/8672134/tasks.o
                0x9d000724                xTaskIncrementTick

.text.xTaskResumeAll
                0x9d000888      0x148
 .text.xTaskResumeAll
                0x9d000888      0x148 build/default/production/_ext/8672134/tasks.o
                0x9d000888                xTaskResumeAll

.text.prvAddCurrentTaskToDelayedList
                0x9d0009d0       0xe4
 .text.prvAddCurrentTaskToDelayedList
                0x9d0009d0       0xe4 build/default/production/_ext/8672134/tasks.o

.text.vTaskSwitchContext
                0x9d000ab4       0xe0
 .text.vTaskSwitchContext
                0x9d000ab4       0xe0 build/default/production/_ext/8672134/tasks.o
                0x9d000ab4                vTaskSwitchContext

.rodata         0x9d000b94       0xdc
 .rodata        0x9d000b94       0xdc build/default/production/_ext/1688732426/system_exceptions.o

.text.general_exception
                0x9d000c70       0xdc
 .text.general_exception
                0x9d000c70       0xdc /Applications/microchip/xc32/v1.40/bin/bin/../../lib/gcc/pic32mx/4.8.3/../../../../pic32mx/lib/libpic32.a(general-exception.o)
                0x9d000c70                _general_exception_context

.dinit          0x9d000d4c       0xc0
 .dinit         0x9d000d4c       0xc0 data_init

.text.pvPortMalloc
                0x9d000e0c       0xb8
 .text.pvPortMalloc
                0x9d000e0c       0xb8 build/default/production/_ext/2055919075/heap_1.o
                0x9d000e0c                pvPortMalloc

.text.prvIdleTask
                0x9d000ec4       0xb4
 .text.prvIdleTask
                0x9d000ec4       0xb4 build/default/production/_ext/8672134/tasks.o

.text           0x9d000f78       0xa8
 .text          0x9d000f78       0xa8 /Applications/microchip/xc32/v1.40/bin/bin/../../lib/gcc/pic32mx/4.8.3/../../../../pic32mx/lib/libpic32.a(memset.o)
                0x9d000f78                memset

.text.vTaskStartScheduler
                0x9d001020       0x80
 .text.vTaskStartScheduler
                0x9d001020       0x80 build/default/production/_ext/8672134/tasks.o
                0x9d001020                vTaskStartScheduler

.text.SYS_CLK_Initialize
                0x9d0010a0       0x70
 .text.SYS_CLK_Initialize
                0x9d0010a0       0x70 build/default/production/_ext/639803181/sys_clk_static.o
                0x9d0010a0                SYS_CLK_Initialize

.text.SYS_Tasks
                0x9d001110       0x70
 .text.SYS_Tasks
                0x9d001110       0x70 build/default/production/_ext/1688732426/system_tasks.o
                0x9d001110                SYS_Tasks

.text.vApplicationSetupTickTimerInterrupt
                0x9d001180       0x6c
 .text.vApplicationSetupTickTimerInterrupt
                0x9d001180       0x6c build/default/production/_ext/1458948112/port.o
                0x9d001180                vApplicationSetupTickTimerInterrupt

.text.vTaskExitCritical
                0x9d0011ec       0x68
 .text.vTaskExitCritical
                0x9d0011ec       0x68 build/default/production/_ext/8672134/tasks.o
                0x9d0011ec                vTaskExitCritical

.text.SYS_DEVCON_PerformanceConfig
                0x9d001254       0x60
 .text.SYS_DEVCON_PerformanceConfig
                0x9d001254       0x60 build/default/production/_ext/1170711769/sys_devcon_pic32mx.o
                0x9d001254                SYS_DEVCON_PerformanceConfig

.text.vListInsert
                0x9d0012b4       0x5c
 .text.vListInsert
                0x9d0012b4       0x5c build/default/production/_ext/8672134/list.o
                0x9d0012b4                vListInsert

.text.xPortStartScheduler
                0x9d001310       0x5c
 .text.xPortStartScheduler
                0x9d001310       0x5c build/default/production/_ext/1458948112/port.o
                0x9d001310                xPortStartScheduler

.text.SYS_DEVCON_SystemUnlock
                0x9d00136c       0x58
 .text.SYS_DEVCON_SystemUnlock
                0x9d00136c       0x58 build/default/production/_ext/1170711769/sys_devcon.o
                0x9d00136c                SYS_DEVCON_SystemUnlock

.text.vTaskDelay
                0x9d0013c4       0x58
 .text.vTaskDelay
                0x9d0013c4       0x58 build/default/production/_ext/8672134/tasks.o
                0x9d0013c4                vTaskDelay

.text.main_entry
                0x9d00141c       0x54
 .text.main_entry
                0x9d00141c       0x54 /Applications/microchip/xc32/v1.40/bin/bin/../../lib/gcc/pic32mx/4.8.3/../../../../pic32mx/lib/./proc/32MX270F256B/crt0_mips32r2.o
                0x9d001450                __crt0_exit

.text.pxPortInitialiseStack
                0x9d001470       0x54
 .text.pxPortInitialiseStack
                0x9d001470       0x54 build/default/production/_ext/1458948112/port.o
                0x9d001470                pxPortInitialiseStack

.text.vPortIncrementTick
                0x9d0014c4       0x54
 .text.vPortIncrementTick
                0x9d0014c4       0x54 build/default/production/_ext/1458948112/port.o
                0x9d0014c4                vPortIncrementTick

.text.SYS_Initialize
                0x9d001518       0x54
 .text.SYS_Initialize
                0x9d001518       0x54 build/default/production/_ext/1688732426/system_init.o
                0x9d001518                SYS_Initialize

.text.vTaskEnterCritical
                0x9d00156c       0x50
 .text.vTaskEnterCritical
                0x9d00156c       0x50 build/default/production/_ext/8672134/tasks.o
                0x9d00156c                vTaskEnterCritical

.text.SYS_DEVCON_SystemLock
                0x9d0015bc       0x48
 .text.SYS_DEVCON_SystemLock
                0x9d0015bc       0x48 build/default/production/_ext/1170711769/sys_devcon.o
                0x9d0015bc                SYS_DEVCON_SystemLock

.text._bootstrap_exception_handler
                0x9d001604       0x48
 .text._bootstrap_exception_handler
                0x9d001604       0x48 /Applications/microchip/xc32/v1.40/bin/bin/../../lib/gcc/pic32mx/4.8.3/../../../../pic32mx/lib/libpic32.a(default-bootstrap-exception-handler.o)
                0x9d001604                _bootstrap_exception_handler

.vector_default
                0x9d00164c       0x48
 .vector_default
                0x9d00164c       0x48 /Applications/microchip/xc32/v1.40/bin/bin/../../lib/gcc/pic32mx/4.8.3/../../../../pic32mx/lib/libpic32.a(defaultinterrupt.o)
                0x9d00164c                _DefaultInterrupt

.text.uxListRemove
                0x9d001694       0x44
 .text.uxListRemove
                0x9d001694       0x44 build/default/production/_ext/8672134/list.o
                0x9d001694                uxListRemove

.text           0x9d0016d8       0x44
 .text          0x9d0016d8       0x44 /Applications/microchip/xc32/v1.40/bin/bin/../../lib/gcc/pic32mx/4.8.3/../../../../pic32mx/lib/pic32_software_reset.o
                0x9d0016d8                __pic32_software_reset

.text._general_exception_handler
                0x9d00171c       0x40
 .text._general_exception_handler
                0x9d00171c       0x40 build/default/production/_ext/1688732426/system_exceptions.o
                0x9d00171c                _general_exception_handler

.text.uxPortSetInterruptMaskFromISR
                0x9d00175c       0x3c
 .text.uxPortSetInterruptMaskFromISR
                0x9d00175c       0x3c build/default/production/_ext/1458948112/port.o
                0x9d00175c                uxPortSetInterruptMaskFromISR

.text.prvResetNextTaskUnblockTime
                0x9d001798       0x38
 .text.prvResetNextTaskUnblockTime
                0x9d001798       0x38 build/default/production/_ext/8672134/tasks.o

.text.vListInsertEnd
                0x9d0017d0       0x30
 .text.vListInsertEnd
                0x9d0017d0       0x30 build/default/production/_ext/8672134/list.o
                0x9d0017d0                vListInsertEnd

.text.prvTaskExitError
                0x9d001800       0x2c
 .text.prvTaskExitError
                0x9d001800       0x2c build/default/production/_ext/1458948112/port.o

.text.vApplicationStackOverflowHook
                0x9d00182c       0x2c
 .text.vApplicationStackOverflowHook
                0x9d00182c       0x2c build/default/production/_ext/1688732426/rtos_hooks.o
                0x9d00182c                vApplicationStackOverflowHook

.text.vApplicationMallocFailedHook
                0x9d001858       0x2c
 .text.vApplicationMallocFailedHook
                0x9d001858       0x2c build/default/production/_ext/1688732426/rtos_hooks.o
                0x9d001858                vApplicationMallocFailedHook

.text.vListInitialise
                0x9d001884       0x20
 .text.vListInitialise
                0x9d001884       0x20 build/default/production/_ext/8672134/list.o
                0x9d001884                vListInitialise

.text.main      0x9d0018a4       0x20
 .text.main     0x9d0018a4       0x20 build/default/production/_ext/1360937237/main.o
                0x9d0018a4                main

.text._SYS_Tasks
                0x9d0018c4       0x20
 .text._SYS_Tasks
                0x9d0018c4       0x20 build/default/production/_ext/1688732426/system_tasks.o

.text._APP_Tasks
                0x9d0018e4       0x20
 .text._APP_Tasks
                0x9d0018e4       0x20 build/default/production/_ext/1688732426/system_tasks.o

.text.SYS_INT_Initialize
                0x9d001904       0x18
 .text.SYS_INT_Initialize
                0x9d001904       0x18 build/default/production/_ext/350739233/sys_int_pic32.o
                0x9d001904                SYS_INT_Initialize

.text.APP_Tasks
                0x9d00191c       0x18
 .text.APP_Tasks
                0x9d00191c       0x18 build/default/production/_ext/1360937237/app.o
                0x9d00191c                APP_Tasks

.rodata         0x9d001934       0x18
 .rodata        0x9d001934       0x18 build/default/production/_ext/1688732426/system_tasks.o

.text           0x9d00194c       0x18
 .text          0x9d00194c       0x18 /Applications/microchip/xc32/v1.40/bin/bin/../../lib/gcc/pic32mx/4.8.3/../../../../pic32mx/lib/libpic32.a(default-nmi-handler.o)
                0x9d00194c                _nmi_handler

.text.SYS_DEVCON_Initialize
                0x9d001964       0x14
 .text.SYS_DEVCON_Initialize
                0x9d001964       0x14 build/default/production/_ext/1170711769/sys_devcon.o
                0x9d001964                SYS_DEVCON_Initialize

.text.vTaskSuspendAll
                0x9d001978       0x14
 .text.vTaskSuspendAll
                0x9d001978       0x14 build/default/production/_ext/8672134/tasks.o
                0x9d001978                vTaskSuspendAll

.text.SYS_CLK_SystemFrequencyGet
                0x9d00198c        0xc
 .text.SYS_CLK_SystemFrequencyGet
                0x9d00198c        0xc build/default/production/_ext/639803181/sys_clk_static.o
                0x9d00198c                SYS_CLK_SystemFrequencyGet

.text.SYS_DEVCON_Tasks
                0x9d001998        0x8
 .text.SYS_DEVCON_Tasks
                0x9d001998        0x8 build/default/production/_ext/1170711769/sys_devcon.o
                0x9d001998                SYS_DEVCON_Tasks

.text.vListInitialiseItem
                0x9d0019a0        0x8
 .text.vListInitialiseItem
                0x9d0019a0        0x8 build/default/production/_ext/8672134/list.o
                0x9d0019a0                vListInitialiseItem

.rodata         0x9d0019a8        0x8
 .rodata        0x9d0019a8        0x8 build/default/production/_ext/8672134/tasks.o

.text.vPortFree
                0x9d0019b0        0x8
 .text.vPortFree
                0x9d0019b0        0x8 build/default/production/_ext/2055919075/heap_1.o
                0x9d0019b0                vPortFree

.text.APP_Initialize
                0x9d0019b8        0x8
 .text.APP_Initialize
                0x9d0019b8        0x8 build/default/production/_ext/1360937237/app.o
                0x9d0019b8                APP_Initialize

.text.SYS_PORTS_Initialize
                0x9d0019c0        0x8
 .text.SYS_PORTS_Initialize
                0x9d0019c0        0x8 build/default/production/_ext/822048611/sys_ports_static.o
                0x9d0019c0                SYS_PORTS_Initialize

.text._on_reset
                0x9d0019c8        0x8
 .text._on_reset
                0x9d0019c8        0x8 /Applications/microchip/xc32/v1.40/bin/bin/../../lib/gcc/pic32mx/4.8.3/../../../../pic32mx/lib/libpic32.a(default-on-reset.o)
                0x9d0019c8                _on_reset

.text._on_bootstrap
                0x9d0019d0        0x8
 .text._on_bootstrap
                0x9d0019d0        0x8 /Applications/microchip/xc32/v1.40/bin/bin/../../lib/gcc/pic32mx/4.8.3/../../../../pic32mx/lib/libpic32.a(default-on-bootstrap.o)
                0x9d0019d0                _on_bootstrap

.rodata         0x9d0019d8        0x8
 .rodata        0x9d0019d8        0x4 build/default/production/_ext/1458948112/port.o
                0x9d0019d8                xISRStackTop
 .rodata        0x9d0019dc        0x4 build/default/production/_ext/1688732426/system_init.o
                0x9d0019dc                sysDevconInit
